#
# There is insufficient memory for the Java Runtime Environment to continue.
# Native memory allocation (malloc) failed to allocate 273344 bytes. Error detail: Chunk::new
# Possible reasons:
#   The system is out of physical RAM or swap space
#   This process is running with CompressedOops enabled, and the Java Heap may be blocking the growth of the native heap
# Possible solutions:
#   Reduce memory load on the system
#   Increase physical memory or swap space
#   Check if swap backing store is full
#   Decrease Java heap size (-Xmx/-Xms)
#   Decrease number of Java threads
#   Decrease Java thread stack sizes (-Xss)
#   Set larger code cache with -XX:ReservedCodeCacheSize=
#   JVM is running with Unscaled Compressed Oops mode in which the Java heap is
#     placed in the first 4GB address space. The Java Heap base address is the
#     maximum limit for the native heap growth. Please use -XX:HeapBaseMinAddress
#     to set the Java Heap base and to place the Java Heap above 4GB virtual address.
# This output file may be truncated or incomplete.
#
#  Out of Memory Error (arena.cpp:168), pid=7840, tid=31256
#
# JRE version: OpenJDK Runtime Environment Temurin-21.0.10+7 (21.0.10+7) (build 21.0.10+7-LTS)
# Java VM: OpenJDK 64-Bit Server VM Temurin-21.0.10+7 (21.0.10+7-LTS, mixed mode, sharing, tiered, compressed oops, compressed class ptrs, parallel gc, windows-amd64)
# No core dump will be written. Minidumps are not enabled by default on client versions of Windows
#

---------------  S U M M A R Y ------------

Command Line: --add-modules=ALL-SYSTEM --add-opens=java.base/java.util=ALL-UNNAMED --add-opens=java.base/java.lang=ALL-UNNAMED --add-opens=java.base/sun.nio.fs=ALL-UNNAMED -Declipse.application=org.eclipse.jdt.ls.core.id1 -Dosgi.bundles.defaultStartLevel=4 -Declipse.product=org.eclipse.jdt.ls.core.product -Djava.import.generatesMetadataFilesAtProjectRoot=false -DDetectVMInstallationsJob.disabled=true -Dfile.encoding=utf8 -XX:+UseParallelGC -XX:GCTimeRatio=4 -XX:AdaptiveSizePolicyWeight=90 -Dsun.zip.disableMemoryMapping=true -Xmx2G -Xms100m -Xlog:disable -javaagent:c:\Users\nanit\.vscode\extensions\redhat.java-1.54.0-win32-x64\lombok\lombok-1.18.39-4050.jar -XX:+HeapDumpOnOutOfMemoryError -XX:HeapDumpPath=c:\Users\nanit\AppData\Roaming\Code\User\workspaceStorage\51025984607b662fc718a0c9fe0490ed\redhat.java -Daether.dependencyCollector.impl=bf c:\Users\nanit\.vscode\extensions\redhat.java-1.54.0-win32-x64\server\plugins\org.eclipse.equinox.launcher_1.7.100.v20251111-0406.jar -configuration c:\Users\nanit\AppData\Roaming\Code\User\globalStorage\redhat.java\1.54.0\config_win -data c:\Users\nanit\AppData\Roaming\Code\User\workspaceStorage\51025984607b662fc718a0c9fe0490ed\redhat.java\jdt_ws --pipe=\\.\pipe\lsp-9cb9ff76c28d0089b00559717fb5874c-sock

Host: 12th Gen Intel(R) Core(TM) i5-12500H, 16 cores, 15G,  Windows 11 , 64 bit Build 26100 (10.0.26100.8328)
Time: Mon May 25 14:34:12 2026 India Standard Time elapsed time: 24.361461 seconds (0d 0h 0m 24s)

---------------  T H R E A D  ---------------

Current thread (0x000002b4145e2060):  JavaThread "C2 CompilerThread0" daemon [_thread_in_native, id=31256, stack(0x000000de16600000,0x000000de16700000) (1024K)]


Current CompileTask:
C2:24361 2292       4       java.util.Properties$LineReader::readLine (584 bytes)

Stack: [0x000000de16600000,0x000000de16700000]
Native frames: (J=compiled Java code, j=interpreted, Vv=VM code, C=native code)
V  [jvm.dll+0x6d7a39]
V  [jvm.dll+0x8b4b26]
V  [jvm.dll+0x8b70de]
V  [jvm.dll+0x8b77c3]
V  [jvm.dll+0x284346]
V  [jvm.dll+0xc66ed]
V  [jvm.dll+0xc6c31]
V  [jvm.dll+0x3bec3b]
V  [jvm.dll+0x38b162]
V  [jvm.dll+0x38a5aa]
V  [jvm.dll+0x24c560]
V  [jvm.dll+0x24bb40]
V  [jvm.dll+0x1cb34e]
V  [jvm.dll+0x25b85d]
V  [jvm.dll+0x259dea]
V  [jvm.dll+0x3f857e]
V  [jvm.dll+0x85f59d]
V  [jvm.dll+0x6d626d]
C  [ucrtbase.dll+0x37b0]
C  [KERNEL32.DLL+0x2e957]
C  [ntdll.dll+0x427c]


---------------  P R O C E S S  ---------------

Threads class SMR info:
_java_thread_list=0x000002b41b7e3cc0, length=16, elements={
0x000002b3b90b8240, 0x000002b3d1fbdb50, 0x000002b3d1fbe750, 0x000002b4145d2180,
0x000002b4145d2ea0, 0x000002b4145d0dd0, 0x000002b4145d1460, 0x000002b4145e2060,
0x000002b4145edef0, 0x000002b4145d3530, 0x000002b4145d2810, 0x000002b4145d1af0,
0x000002b4145d3bc0, 0x000002b4145d4250, 0x000002b41a4486c0, 0x000002b4145ebce0
}

Java Threads: ( => current thread )
  0x000002b3b90b8240 JavaThread "main"                              [_thread_blocked, id=7328, stack(0x000000de15c00000,0x000000de15d00000) (1024K)]
  0x000002b3d1fbdb50 JavaThread "Reference Handler"          daemon [_thread_blocked, id=15980, stack(0x000000de16000000,0x000000de16100000) (1024K)]
  0x000002b3d1fbe750 JavaThread "Finalizer"                  daemon [_thread_blocked, id=8972, stack(0x000000de16100000,0x000000de16200000) (1024K)]
  0x000002b4145d2180 JavaThread "Signal Dispatcher"          daemon [_thread_blocked, id=16704, stack(0x000000de16200000,0x000000de16300000) (1024K)]
  0x000002b4145d2ea0 JavaThread "Attach Listener"            daemon [_thread_blocked, id=18152, stack(0x000000de16300000,0x000000de16400000) (1024K)]
  0x000002b4145d0dd0 JavaThread "Service Thread"             daemon [_thread_blocked, id=15996, stack(0x000000de16400000,0x000000de16500000) (1024K)]
  0x000002b4145d1460 JavaThread "Monitor Deflation Thread"   daemon [_thread_blocked, id=28628, stack(0x000000de16500000,0x000000de16600000) (1024K)]
=>0x000002b4145e2060 JavaThread "C2 CompilerThread0"         daemon [_thread_in_native, id=31256, stack(0x000000de16600000,0x000000de16700000) (1024K)]
  0x000002b4145edef0 JavaThread "C1 CompilerThread0"         daemon [_thread_blocked, id=25984, stack(0x000000de16700000,0x000000de16800000) (1024K)]
  0x000002b4145d3530 JavaThread "Common-Cleaner"             daemon [_thread_blocked, id=8236, stack(0x000000de16a00000,0x000000de16b00000) (1024K)]
  0x000002b4145d2810 JavaThread "Notification Thread"        daemon [_thread_blocked, id=31464, stack(0x000000de16d00000,0x000000de16e00000) (1024K)]
  0x000002b4145d1af0 JavaThread "Active Thread: Equinox Container: 5a223df6-c371-4f07-a78f-1aa0c51c1804"        [_thread_blocked, id=10592, stack(0x000000de17600000,0x000000de17700000) (1024K)]
  0x000002b4145d3bc0 JavaThread "Refresh Thread: Equinox Container: 5a223df6-c371-4f07-a78f-1aa0c51c1804" daemon [_thread_blocked, id=6240, stack(0x000000de17800000,0x000000de17900000) (1024K)]
  0x000002b4145d4250 JavaThread "Framework Event Dispatcher: Equinox Container: 5a223df6-c371-4f07-a78f-1aa0c51c1804" daemon [_thread_blocked, id=21812, stack(0x000000de17900000,0x000000de17a00000) (1024K)]
  0x000002b41a4486c0 JavaThread "Start Level: Equinox Container: 5a223df6-c371-4f07-a78f-1aa0c51c1804" daemon [_thread_blocked, id=33620, stack(0x000000de17a00000,0x000000de17b00000) (1024K)]
  0x000002b4145ebce0 JavaThread "C2 CompilerThread1"         daemon [_thread_blocked, id=32576, stack(0x000000de16900000,0x000000de16a00000) (1024K)]
Total: 16

Other Threads:
  0x000002b3bb5ceb80 VMThread "VM Thread"                           [id=1824, stack(0x000000de15f00000,0x000000de16000000) (1024K)] _threads_hazard_ptr=0x000002b41b7e3cc0
  0x000002b3d1e9ca10 WatcherThread "VM Periodic Task Thread"        [id=31684, stack(0x000000de15e00000,0x000000de15f00000) (1024K)]
  0x000002b3bb52cb00 WorkerThread "GC Thread#0"                     [id=9744, stack(0x000000de15d00000,0x000000de15e00000) (1024K)]
  0x000002b41a71c4c0 WorkerThread "GC Thread#1"                     [id=19528, stack(0x000000de16f00000,0x000000de17000000) (1024K)]
  0x000002b41a6c0990 WorkerThread "GC Thread#2"                     [id=23596, stack(0x000000de17000000,0x000000de17100000) (1024K)]
  0x000002b41a0f0f80 WorkerThread "GC Thread#3"                     [id=26120, stack(0x000000de17100000,0x000000de17200000) (1024K)]
  0x000002b41a71d080 WorkerThread "GC Thread#4"                     [id=17600, stack(0x000000de17200000,0x000000de17300000) (1024K)]
  0x000002b41a71d430 WorkerThread "GC Thread#5"                     [id=17852, stack(0x000000de17300000,0x000000de17400000) (1024K)]
  0x000002b41a7f4270 WorkerThread "GC Thread#6"                     [id=23544, stack(0x000000de17400000,0x000000de17500000) (1024K)]
  0x000002b41a2bf1e0 WorkerThread "GC Thread#7"                     [id=23212, stack(0x000000de17700000,0x000000de17800000) (1024K)]
  0x000002b41a521940 WorkerThread "GC Thread#8"                     [id=13060, stack(0x000000de16e00000,0x000000de16f00000) (1024K)]
  0x000002b41a582a10 WorkerThread "GC Thread#9"                     [id=26936, stack(0x000000de17500000,0x000000de17600000) (1024K)]
  0x000002b41a2e0550 WorkerThread "GC Thread#10"                    [id=12600, stack(0x000000de17b00000,0x000000de17c00000) (1024K)]
Total: 13

Threads with active compile tasks:
C2 CompilerThread0  24368 2292       4       java.util.Properties$LineReader::readLine (584 bytes)
C1 CompilerThread0  24368 2308       3       jdk.internal.misc.Unsafe::weakCompareAndSetReference (11 bytes)
C2 CompilerThread1  24368 2284       4       org.eclipse.osgi.util.ManifestElement::readLine (122 bytes)
Total: 3

VM state: synchronizing (normal execution)

VM Mutex/Monitor currently owned by a thread:  ([mutex/lock_event])
[0x00007ffd7b23e560] Threads_lock - owner thread: 0x000002b3bb5ceb80

Heap address: 0x0000000080000000, size: 2048 MB, Compressed Oops mode: 32-bit

CDS archive(s) mapped at: [0x000002b3d2000000-0x000002b3d2ba0000-0x000002b3d2ba0000), size 12189696, SharedBaseAddress: 0x000002b3d2000000, ArchiveRelocationMode: 1.
Compressed class space mapped at: 0x000002b3d3000000-0x000002b413000000, reserved size: 1073741824
Narrow klass base: 0x000002b3d2000000, Narrow klass shift: 0, Narrow klass range: 0x100000000

GC Precious Log:
 CardTable entry size: 512
 CPUs: 16 total, 16 available
 Memory: 16068M
 Large Page Support: Disabled
 NUMA Support: Disabled
 Compressed Oops: Enabled (32-bit)
 Alignments: Space 512K, Generation 512K, Heap 2M
 Heap Min Capacity: 100M
 Heap Initial Capacity: 100M
 Heap Max Capacity: 2G
 Pre-touch: Disabled
 Parallel Workers: 13

Heap:
 PSYoungGen      total 29696K, used 8167K [0x00000000d5580000, 0x00000000d7680000, 0x0000000100000000)
  eden space 25600K, 15% used [0x00000000d5580000,0x00000000d5979e90,0x00000000d6e80000)
  from space 4096K, 99% used [0x00000000d6e80000,0x00000000d727fdd0,0x00000000d7280000)
  to   space 4096K, 0% used [0x00000000d7280000,0x00000000d7280000,0x00000000d7680000)
 ParOldGen       total 68608K, used 4058K [0x0000000080000000, 0x0000000084300000, 0x00000000d5580000)
  object space 68608K, 5% used [0x0000000080000000,0x00000000803f6868,0x0000000084300000)
 Metaspace       used 9484K, committed 9856K, reserved 1114112K
  class space    used 1005K, committed 1152K, reserved 1048576K

Card table byte_map: [0x000002b3baeb0000,0x000002b3bb2c0000] _byte_map_base: 0x000002b3baab0000

Marking Bits: (ParMarkBitMap*) 0x00007ffd7b243450
 Begin Bits: [0x000002b3cd9c0000, 0x000002b3cf9c0000)
 End Bits:   [0x000002b3cf9c0000, 0x000002b3d19c0000)

Polling page: 0x000002b3b9340000

Metaspace:

Usage:
  Non-class:      8.28 MB used.
      Class:   1005.52 KB used.
       Both:      9.26 MB used.

Virtual space:
  Non-class space:       64.00 MB reserved,       8.50 MB ( 13%) committed,  1 nodes.
      Class space:        1.00 GB reserved,       1.12 MB ( <1%) committed,  1 nodes.
             Both:        1.06 GB reserved,       9.62 MB ( <1%) committed. 

Chunk freelists:
   Non-Class:  6.67 MB
       Class:  14.79 MB
        Both:  21.46 MB

MaxMetaspaceSize: unlimited
CompressedClassSpaceSize: 1.00 GB
Initial GC threshold: 21.00 MB
Current GC threshold: 21.00 MB
CDS: on
 - commit_granule_bytes: 65536.
 - commit_granule_words: 8192.
 - virtual_space_node_default_size: 8388608.
 - enlarge_chunks_in_place: 1.
 - use_allocation_guard: 0.


Internal statistics:

num_allocs_failed_limit: 0.
num_arena_births: 256.
num_arena_deaths: 0.
num_vsnodes_births: 2.
num_vsnodes_deaths: 0.
num_space_committed: 154.
num_space_uncommitted: 0.
num_chunks_returned_to_freelist: 0.
num_chunks_taken_from_freelist: 506.
num_chunk_merges: 0.
num_chunk_splits: 322.
num_chunks_enlarged: 214.
num_inconsistent_stats: 0.

CodeHeap 'non-profiled nmethods': size=119168Kb used=1029Kb max_used=1029Kb free=118138Kb
 bounds [0x000002b3c62b0000, 0x000002b3c6520000, 0x000002b3cd710000]
CodeHeap 'profiled nmethods': size=119104Kb used=4338Kb max_used=4338Kb free=114765Kb
 bounds [0x000002b3be710000, 0x000002b3beb50000, 0x000002b3c5b60000]
CodeHeap 'non-nmethods': size=7488Kb used=1228Kb max_used=2946Kb free=6259Kb
 bounds [0x000002b3c5b60000, 0x000002b3c5ec0000, 0x000002b3c62b0000]
CodeCache: size=245760Kb, used=6595Kb, max_used=8313Kb, free=239162Kb
 total_blobs=2792, nmethods=2299, adapters=399, full_count=0
Compilation: enabled, stopped_count=0, restarted_count=0

Compilation events (20 events):
Event: 21.327 Thread 0x000002b4145edef0 nmethod 2295 0x000002b3beb48690 code [0x000002b3beb48860, 0x000002b3beb48c60]
Event: 21.327 Thread 0x000002b4145edef0 2296       3       java.util.concurrent.ConcurrentHashMap$MapEntry::<init> (20 bytes)
Event: 21.327 Thread 0x000002b4145edef0 nmethod 2296 0x000002b3beb48e10 code [0x000002b3beb48fc0, 0x000002b3beb49168]
Event: 21.327 Thread 0x000002b4145edef0 2297       3       jdk.internal.misc.Unsafe::getLong (7 bytes)
Event: 21.327 Thread 0x000002b4145edef0 nmethod 2297 0x000002b3beb49210 code [0x000002b3beb493a0, 0x000002b3beb494c0]
Event: 21.327 Thread 0x000002b4145edef0 2293   !   3       org.eclipse.osgi.storage.bundlefile.CloseableBundleFile$BundleEntryInputStream::read (17 bytes)
Event: 21.327 Thread 0x000002b4145edef0 nmethod 2293 0x000002b3beb49590 code [0x000002b3beb49760, 0x000002b3beb49a08]
Event: 21.328 Thread 0x000002b4145edef0 2300       3       java.util.stream.AbstractPipeline::wrapSink (37 bytes)
Event: 21.328 Thread 0x000002b4145edef0 nmethod 2300 0x000002b3beb49b90 code [0x000002b3beb49d60, 0x000002b3beb4a160]
Event: 21.329 Thread 0x000002b4145edef0 2299       3       java.util.stream.AbstractPipeline::sourceSpliterator (265 bytes)
Event: 21.329 Thread 0x000002b4145edef0 nmethod 2299 0x000002b3beb4a310 code [0x000002b3beb4a5a0, 0x000002b3beb4b430]
Event: 21.330 Thread 0x000002b4145edef0 2302       3       java.util.stream.Sink::end (1 bytes)
Event: 21.330 Thread 0x000002b4145edef0 nmethod 2302 0x000002b3beb4b990 code [0x000002b3beb4bb20, 0x000002b3beb4bc28]
Event: 21.332 Thread 0x000002b4145edef0 2303       3       java.util.stream.Sink::begin (1 bytes)
Event: 21.332 Thread 0x000002b4145edef0 nmethod 2303 0x000002b3beb4bc90 code [0x000002b3beb4be20, 0x000002b3beb4bf28]
Event: 21.332 Thread 0x000002b4145edef0 2304       3       java.nio.ByteBuffer::position (8 bytes)
Event: 21.332 Thread 0x000002b4145edef0 nmethod 2304 0x000002b3beb4bf90 code [0x000002b3beb4c140, 0x000002b3beb4c290]
Event: 21.332 Thread 0x000002b4145edef0 2305       3       java.nio.ByteBuffer::arrayOffset (35 bytes)
Event: 21.332 Thread 0x000002b4145edef0 nmethod 2305 0x000002b3beb4c310 code [0x000002b3beb4c4e0, 0x000002b3beb4c798]
Event: 22.250 Thread 0x000002b4145edef0 2308       3       jdk.internal.misc.Unsafe::weakCompareAndSetReference (11 bytes)

GC Heap History (6 events):
Event: 14.621 GC heap before
{Heap before GC invocations=1 (full 0):
 PSYoungGen      total 29696K, used 25600K [0x00000000d5580000, 0x00000000d7680000, 0x0000000100000000)
  eden space 25600K, 100% used [0x00000000d5580000,0x00000000d6e80000,0x00000000d6e80000)
  from space 4096K, 0% used [0x00000000d7280000,0x00000000d7280000,0x00000000d7680000)
  to   space 4096K, 0% used [0x00000000d6e80000,0x00000000d6e80000,0x00000000d7280000)
 ParOldGen       total 68608K, used 0K [0x0000000080000000, 0x0000000084300000, 0x00000000d5580000)
  object space 68608K, 0% used [0x0000000080000000,0x0000000080000000,0x0000000084300000)
 Metaspace       used 4134K, committed 4416K, reserved 1114112K
  class space    used 452K, committed 576K, reserved 1048576K
}
Event: 14.624 GC heap after
{Heap after GC invocations=1 (full 0):
 PSYoungGen      total 29696K, used 3209K [0x00000000d5580000, 0x00000000d7680000, 0x0000000100000000)
  eden space 25600K, 0% used [0x00000000d5580000,0x00000000d5580000,0x00000000d6e80000)
  from space 4096K, 78% used [0x00000000d6e80000,0x00000000d71a26f0,0x00000000d7280000)
  to   space 4096K, 0% used [0x00000000d7280000,0x00000000d7280000,0x00000000d7680000)
 ParOldGen       total 68608K, used 16K [0x0000000080000000, 0x0000000084300000, 0x00000000d5580000)
  object space 68608K, 0% used [0x0000000080000000,0x0000000080004000,0x0000000084300000)
 Metaspace       used 4134K, committed 4416K, reserved 1114112K
  class space    used 452K, committed 576K, reserved 1048576K
}
Event: 14.956 GC heap before
{Heap before GC invocations=2 (full 0):
 PSYoungGen      total 29696K, used 28809K [0x00000000d5580000, 0x00000000d7680000, 0x0000000100000000)
  eden space 25600K, 100% used [0x00000000d5580000,0x00000000d6e80000,0x00000000d6e80000)
  from space 4096K, 78% used [0x00000000d6e80000,0x00000000d71a26f0,0x00000000d7280000)
  to   space 4096K, 0% used [0x00000000d7280000,0x00000000d7280000,0x00000000d7680000)
 ParOldGen       total 68608K, used 16K [0x0000000080000000, 0x0000000084300000, 0x00000000d5580000)
  object space 68608K, 0% used [0x0000000080000000,0x0000000080004000,0x0000000084300000)
 Metaspace       used 7664K, committed 7936K, reserved 1114112K
  class space    used 792K, committed 896K, reserved 1048576K
}
Event: 14.961 GC heap after
{Heap after GC invocations=2 (full 0):
 PSYoungGen      total 29696K, used 4070K [0x00000000d5580000, 0x00000000d7680000, 0x0000000100000000)
  eden space 25600K, 0% used [0x00000000d5580000,0x00000000d5580000,0x00000000d6e80000)
  from space 4096K, 99% used [0x00000000d7280000,0x00000000d7679800,0x00000000d7680000)
  to   space 4096K, 0% used [0x00000000d6e80000,0x00000000d6e80000,0x00000000d7280000)
 ParOldGen       total 68608K, used 1965K [0x0000000080000000, 0x0000000084300000, 0x00000000d5580000)
  object space 68608K, 2% used [0x0000000080000000,0x00000000801eb6b8,0x0000000084300000)
 Metaspace       used 7664K, committed 7936K, reserved 1114112K
  class space    used 792K, committed 896K, reserved 1048576K
}
Event: 18.251 GC heap before
{Heap before GC invocations=3 (full 0):
 PSYoungGen      total 29696K, used 29670K [0x00000000d5580000, 0x00000000d7680000, 0x0000000100000000)
  eden space 25600K, 100% used [0x00000000d5580000,0x00000000d6e80000,0x00000000d6e80000)
  from space 4096K, 99% used [0x00000000d7280000,0x00000000d7679800,0x00000000d7680000)
  to   space 4096K, 0% used [0x00000000d6e80000,0x00000000d6e80000,0x00000000d7280000)
 ParOldGen       total 68608K, used 1965K [0x0000000080000000, 0x0000000084300000, 0x00000000d5580000)
  object space 68608K, 2% used [0x0000000080000000,0x00000000801eb6b8,0x0000000084300000)
 Metaspace       used 9452K, committed 9792K, reserved 1114112K
  class space    used 1005K, committed 1152K, reserved 1048576K
}
Event: 18.255 GC heap after
{Heap after GC invocations=3 (full 0):
 PSYoungGen      total 29696K, used 4095K [0x00000000d5580000, 0x00000000d7680000, 0x0000000100000000)
  eden space 25600K, 0% used [0x00000000d5580000,0x00000000d5580000,0x00000000d6e80000)
  from space 4096K, 99% used [0x00000000d6e80000,0x00000000d727fdd0,0x00000000d7280000)
  to   space 4096K, 0% used [0x00000000d7280000,0x00000000d7280000,0x00000000d7680000)
 ParOldGen       total 68608K, used 4058K [0x0000000080000000, 0x0000000084300000, 0x00000000d5580000)
  object space 68608K, 5% used [0x0000000080000000,0x00000000803f6868,0x0000000084300000)
 Metaspace       used 9452K, committed 9792K, reserved 1114112K
  class space    used 1005K, committed 1152K, reserved 1048576K
}

Dll operation events (9 events):
Event: 0.011 Loaded shared library c:\Users\nanit\.vscode\extensions\redhat.java-1.54.0-win32-x64\jre\21.0.10-win32-x86_64\bin\java.dll
Event: 0.078 Loaded shared library c:\Users\nanit\.vscode\extensions\redhat.java-1.54.0-win32-x64\jre\21.0.10-win32-x86_64\bin\zip.dll
Event: 0.096 Loaded shared library C:\Users\nanit\.vscode\extensions\redhat.java-1.54.0-win32-x64\jre\21.0.10-win32-x86_64\bin\instrument.dll
Event: 0.102 Loaded shared library C:\Users\nanit\.vscode\extensions\redhat.java-1.54.0-win32-x64\jre\21.0.10-win32-x86_64\bin\net.dll
Event: 0.104 Loaded shared library C:\Users\nanit\.vscode\extensions\redhat.java-1.54.0-win32-x64\jre\21.0.10-win32-x86_64\bin\nio.dll
Event: 0.107 Loaded shared library C:\Users\nanit\.vscode\extensions\redhat.java-1.54.0-win32-x64\jre\21.0.10-win32-x86_64\bin\zip.dll
Event: 0.124 Loaded shared library C:\Users\nanit\.vscode\extensions\redhat.java-1.54.0-win32-x64\jre\21.0.10-win32-x86_64\bin\jimage.dll
Event: 0.203 Loaded shared library c:\Users\nanit\.vscode\extensions\redhat.java-1.54.0-win32-x64\jre\21.0.10-win32-x86_64\bin\verify.dll
Event: 15.046 Loaded shared library C:\Users\nanit\AppData\Roaming\Code\User\globalStorage\redhat.java\1.54.0\config_win\org.eclipse.equinox.launcher\org.eclipse.equinox.launcher.win32.win32.x86_64_1.3.0.v20260203-2149\eclipse_11919.dll

Deoptimization events (20 events):
Event: 18.261 Thread 0x000002b41a4486c0 DEOPT PACKING pc=0x000002b3c6392b64 sp=0x000000de17afd8d0
Event: 18.261 Thread 0x000002b41a4486c0 DEOPT UNPACKING pc=0x000002b3c5bb3aa2 sp=0x000000de17afd888 mode 2
Event: 18.261 Thread 0x000002b41a4486c0 Uncommon trap: trap_request=0xffffffde fr.pc=0x000002b3c6392b64 relative=0x0000000000000304
Event: 18.261 Thread 0x000002b41a4486c0 Uncommon trap: reason=class_check action=maybe_recompile pc=0x000002b3c6392b64 method=java.util.regex.Pattern$BmpCharPropertyGreedy.match(Ljava/util/regex/Matcher;ILjava/lang/CharSequence;)Z @ 26 c2
Event: 18.261 Thread 0x000002b41a4486c0 DEOPT PACKING pc=0x000002b3c6392b64 sp=0x000000de17afd7d0
Event: 18.261 Thread 0x000002b41a4486c0 DEOPT UNPACKING pc=0x000002b3c5bb3aa2 sp=0x000000de17afd768 mode 2
Event: 18.261 Thread 0x000002b41a4486c0 Uncommon trap: trap_request=0xffffffde fr.pc=0x000002b3c6392b64 relative=0x0000000000000304
Event: 18.261 Thread 0x000002b41a4486c0 Uncommon trap: reason=class_check action=maybe_recompile pc=0x000002b3c6392b64 method=java.util.regex.Pattern$BmpCharPropertyGreedy.match(Ljava/util/regex/Matcher;ILjava/lang/CharSequence;)Z @ 26 c2
Event: 18.261 Thread 0x000002b41a4486c0 DEOPT PACKING pc=0x000002b3c6392b64 sp=0x000000de17afd8d0
Event: 18.261 Thread 0x000002b41a4486c0 DEOPT UNPACKING pc=0x000002b3c5bb3aa2 sp=0x000000de17afd888 mode 2
Event: 18.261 Thread 0x000002b41a4486c0 Uncommon trap: trap_request=0xffffffde fr.pc=0x000002b3c6392b64 relative=0x0000000000000304
Event: 18.261 Thread 0x000002b41a4486c0 Uncommon trap: reason=class_check action=maybe_recompile pc=0x000002b3c6392b64 method=java.util.regex.Pattern$BmpCharPropertyGreedy.match(Ljava/util/regex/Matcher;ILjava/lang/CharSequence;)Z @ 26 c2
Event: 18.261 Thread 0x000002b41a4486c0 DEOPT PACKING pc=0x000002b3c6392b64 sp=0x000000de17afd7d0
Event: 18.261 Thread 0x000002b41a4486c0 DEOPT UNPACKING pc=0x000002b3c5bb3aa2 sp=0x000000de17afd768 mode 2
Event: 21.313 Thread 0x000002b41a4486c0 DEOPT PACKING pc=0x000002b3beb167f5 sp=0x000000de17afde00
Event: 21.313 Thread 0x000002b41a4486c0 DEOPT UNPACKING pc=0x000002b3c5bb4242 sp=0x000000de17afd2e0 mode 0
Event: 21.326 Thread 0x000002b41a4486c0 DEOPT PACKING pc=0x000002b3be844626 sp=0x000000de17afddd0
Event: 21.326 Thread 0x000002b41a4486c0 DEOPT UNPACKING pc=0x000002b3c5bb4242 sp=0x000000de17afd2c8 mode 0
Event: 21.331 Thread 0x000002b41a4486c0 DEOPT PACKING pc=0x000002b3beb167f5 sp=0x000000de17afde00
Event: 21.331 Thread 0x000002b41a4486c0 DEOPT UNPACKING pc=0x000002b3c5bb4242 sp=0x000000de17afd2e0 mode 0

Classes loaded (20 events):
Event: 18.177 Loading class sun/util/logging/resources/logging_en
Event: 18.177 Loading class sun/util/logging/resources/logging_en done
Event: 18.177 Loading class sun/util/logging/resources/logging_en
Event: 18.177 Loading class sun/util/logging/resources/logging_en done
Event: 18.177 Loading class sun/util/logging/resources/logging_en_US
Event: 18.177 Loading class sun/util/logging/resources/logging_en_US done
Event: 18.177 Loading class sun/util/logging/resources/logging_en_US
Event: 18.177 Loading class sun/util/logging/resources/logging_en_US done
Event: 18.178 Loading class java/util/Formatter$DateTime
Event: 18.178 Loading class java/util/Formatter$DateTime done
Event: 18.178 Loading class java/util/Formatter$FixedString
Event: 18.178 Loading class java/util/Formatter$FixedString done
Event: 18.178 Loading class java/time/ZonedDateTime$1
Event: 18.178 Loading class java/time/ZonedDateTime$1 done
Event: 18.180 Loading class jdk/internal/module/ModulePatcher$PatchedModuleReader
Event: 18.180 Loading class jdk/internal/module/ModulePatcher$PatchedModuleReader done
Event: 18.185 Loading class sun/text/resources/cldr/FormatData_en
Event: 18.185 Loading class sun/text/resources/cldr/FormatData_en done
Event: 18.185 Loading class sun/text/resources/cldr/FormatData_en_US
Event: 18.185 Loading class sun/text/resources/cldr/FormatData_en_US done

Classes unloaded (0 events):
No events

Classes redefined (0 events):
No events

Internal exceptions (20 events):
Event: 14.671 Thread 0x000002b3b90b8240 Implicit null exception at 0x000002b3c630c6c9 to 0x000002b3c630d028
Event: 14.671 Thread 0x000002b3b90b8240 Implicit null exception at 0x000002b3c631a01a to 0x000002b3c631a224
Event: 14.671 Thread 0x000002b3b90b8240 Exception <a 'java/lang/NoSuchMethodError'{0x00000000d5a3db78}: 'void java.lang.invoke.DirectMethodHandle$Holder.invokeStatic(java.lang.Object, java.lang.Object, java.lang.Object, java.lang.Object)'> (0x00000000d5a3db78) 
thrown [s\src\hotspot\share\interpreter\linkResolver.cpp, line 773]
Event: 14.672 Thread 0x000002b3b90b8240 Implicit null exception at 0x000002b3c630e61a to 0x000002b3c630e824
Event: 14.672 Thread 0x000002b3b90b8240 Implicit null exception at 0x000002b3c630ecbd to 0x000002b3c630ed41
Event: 14.713 Thread 0x000002b3b90b8240 Exception <a 'java/lang/NoSuchMethodError'{0x00000000d5d2a3b0}: 'void java.lang.invoke.DirectMethodHandle$Holder.invokeSpecial(java.lang.Object, java.lang.Object, java.lang.Object)'> (0x00000000d5d2a3b0) 
thrown [s\src\hotspot\share\interpreter\linkResolver.cpp, line 773]
Event: 14.862 Thread 0x000002b3b90b8240 Exception <a 'java/lang/NoSuchMethodError'{0x00000000d67f3f60}: 'int java.lang.invoke.DirectMethodHandle$Holder.invokeVirtual(java.lang.Object, java.lang.Object)'> (0x00000000d67f3f60) 
thrown [s\src\hotspot\share\interpreter\linkResolver.cpp, line 773]
Event: 14.896 Thread 0x000002b3b90b8240 Exception <a 'java/lang/NoSuchMethodError'{0x00000000d696b830}: 'int java.lang.invoke.DirectMethodHandle$Holder.invokeStaticInit(java.lang.Object, java.lang.Object, java.lang.Object, java.lang.Object)'> (0x00000000d696b830) 
thrown [s\src\hotspot\share\interpreter\linkResolver.cpp, line 773]
Event: 14.897 Thread 0x000002b3b90b8240 Exception <a 'java/lang/IncompatibleClassChangeError'{0x00000000d6973c38}: Found class java.lang.Object, but interface was expected> (0x00000000d6973c38) 
thrown [s\src\hotspot\share\interpreter\linkResolver.cpp, line 840]
Event: 14.897 Thread 0x000002b3b90b8240 Exception <a 'java/lang/NoSuchMethodError'{0x00000000d697a1e8}: 'void java.lang.invoke.DirectMethodHandle$Holder.invokeStaticInit(java.lang.Object, java.lang.Object)'> (0x00000000d697a1e8) 
thrown [s\src\hotspot\share\interpreter\linkResolver.cpp, line 773]
Event: 14.898 Thread 0x000002b3b90b8240 Exception <a 'java/lang/NoSuchMethodError'{0x00000000d6983380}: 'int java.lang.invoke.DirectMethodHandle$Holder.invokeStaticInit(java.lang.Object, java.lang.Object)'> (0x00000000d6983380) 
thrown [s\src\hotspot\share\interpreter\linkResolver.cpp, line 773]
Event: 14.924 Thread 0x000002b3b90b8240 Exception <a 'java/lang/NoSuchMethodError'{0x00000000d6be2a60}: 'java.lang.Object java.lang.invoke.DirectMethodHandle$Holder.newInvokeSpecial(java.lang.Object, int, java.lang.Object)'> (0x00000000d6be2a60) 
thrown [s\src\hotspot\share\interpreter\linkResolver.cpp, line 773]
Event: 14.950 Thread 0x000002b3b90b8240 Exception <a 'java/lang/ClassNotFoundException'{0x00000000d6dfd5f8}: sun/net/www/protocol/plurl/Handler> (0x00000000d6dfd5f8) 
thrown [s\src\hotspot\share\classfile\systemDictionary.cpp, line 312]
Event: 14.950 Thread 0x000002b3b90b8240 Exception <a 'java/lang/ClassNotFoundException'{0x00000000d6dfe6c8}: sun/net/www/protocol/plurl/Handler> (0x00000000d6dfe6c8) 
thrown [s\src\hotspot\share\classfile\systemDictionary.cpp, line 312]
Event: 15.042 Thread 0x000002b3b90b8240 Exception <a 'java/lang/UnsatisfiedLinkError'{0x00000000d5a5a298}: 'void org.eclipse.equinox.launcher.JNIBridge._update_splash()'> (0x00000000d5a5a298) 
thrown [s\src\hotspot\share\prims\nativeLookup.cpp, line 415]
Event: 15.061 Thread 0x000002b4145d3bc0 Exception <a 'java/lang/NoSuchMethodError'{0x00000000d5cc26a8}: 'void java.lang.invoke.DirectMethodHandle$Holder.invokeInterface(java.lang.Object, java.lang.Object, java.lang.Object)'> (0x00000000d5cc26a8) 
thrown [s\src\hotspot\share\interpreter\linkResolver.cpp, line 773]
Event: 15.100 Thread 0x000002b41a4486c0 Exception <a 'java/lang/NoSuchMethodError'{0x00000000d60dfb18}: 'java.lang.Object java.lang.invoke.DirectMethodHandle$Holder.newInvokeSpecial(java.lang.Object, java.lang.Object, int, java.lang.Object)'> (0x00000000d60dfb18) 
thrown [s\src\hotspot\share\interpreter\linkResolver.cpp, line 773]
Event: 15.100 Thread 0x000002b41a4486c0 Exception <a 'java/lang/NoSuchMethodError'{0x00000000d60e3948}: 'java.lang.Object java.lang.invoke.DirectMethodHandle$Holder.invokeSpecial(java.lang.Object, java.lang.Object, java.lang.Object, int, java.lang.Object)'> (0x00000000d60e3948) 
thrown [s\src\hotspot\share\interpreter\linkResolver.cpp, line 773]
Event: 17.153 Thread 0x000002b41a4486c0 Exception <a 'java/lang/NoClassDefFoundError'{0x00000000d618b788}: jakarta/servlet/ServletContainerInitializer> (0x00000000d618b788) 
thrown [s\src\hotspot\share\classfile\systemDictionary.cpp, line 301]
Event: 18.176 Thread 0x000002b41a4486c0 Exception <a 'java/lang/ClassNotFoundException'{0x00000000d62e8390}: sun/util/logging/resources/spi/loggingProvider> (0x00000000d62e8390) 
thrown [s\src\hotspot\share\classfile\systemDictionary.cpp, line 312]

ZGC Phase Switch (0 events):
No events

VM Operations (20 events):
Event: 17.151 Executing safepoint VM operation: Cleanup done
Event: 17.164 Executing non-safepoint VM operation: HandshakeAllThreads (Deoptimize)
Event: 17.164 Executing non-safepoint VM operation: HandshakeAllThreads (Deoptimize) done
Event: 18.174 Executing safepoint VM operation: Cleanup
Event: 18.174 Executing safepoint VM operation: Cleanup done
Event: 18.181 Executing non-safepoint VM operation: HandshakeAllThreads (Deoptimize)
Event: 18.181 Executing non-safepoint VM operation: HandshakeAllThreads (Deoptimize) done
Event: 18.187 Executing non-safepoint VM operation: HandshakeAllThreads (Deoptimize)
Event: 18.187 Executing non-safepoint VM operation: HandshakeAllThreads (Deoptimize) done
Event: 18.194 Executing non-safepoint VM operation: HandshakeAllThreads (Deoptimize)
Event: 18.194 Executing non-safepoint VM operation: HandshakeAllThreads (Deoptimize) done
Event: 18.251 Executing safepoint VM operation: ParallelGCFailedAllocation (Allocation Failure)
Event: 18.255 Executing safepoint VM operation: ParallelGCFailedAllocation (Allocation Failure) done
Event: 19.263 Executing safepoint VM operation: Cleanup
Event: 19.263 Executing safepoint VM operation: Cleanup done
Event: 20.265 Executing safepoint VM operation: Cleanup
Event: 20.265 Executing safepoint VM operation: Cleanup done
Event: 21.280 Executing safepoint VM operation: Cleanup
Event: 21.280 Executing safepoint VM operation: Cleanup done
Event: 22.281 Executing safepoint VM operation: Cleanup

Memory protections (0 events):
No events

Nmethod flushes (0 events):
No events

Events (20 events):
Event: 6.400 Thread 0x000002b4145ed820 Thread exited: 0x000002b4145ed820
Event: 7.414 Thread 0x000002b4145edef0 Thread added: 0x000002b4145ec3b0
Event: 14.564 Thread 0x000002b4145edef0 Thread added: 0x000002b4145eca80
Event: 14.564 Thread 0x000002b4145edef0 Thread added: 0x000002b4145ed820
Event: 14.743 Thread 0x000002b4145ed820 Thread added: 0x000002b4145ea870
Event: 14.905 Thread 0x000002b3b90b8240 Thread added: 0x000002b4145d1af0
Event: 15.040 Thread 0x000002b3b90b8240 Thread added: 0x000002b4145d3bc0
Event: 15.063 Thread 0x000002b4145d3bc0 Thread added: 0x000002b4145d4250
Event: 15.065 Thread 0x000002b3b90b8240 Thread added: 0x000002b41a4486c0
Event: 16.119 Thread 0x000002b4145ea870 Thread exited: 0x000002b4145ea870
Event: 16.119 Thread 0x000002b4145ebce0 Thread exited: 0x000002b4145ebce0
Event: 16.119 Thread 0x000002b4145ed150 Thread exited: 0x000002b4145ed150
Event: 16.119 Thread 0x000002b4145ed820 Thread exited: 0x000002b4145ed820
Event: 18.018 Thread 0x000002b4145eca80 Thread exited: 0x000002b4145eca80
Event: 18.200 Thread 0x000002b4145edef0 Thread added: 0x000002b4145ebce0
Event: 18.200 Thread 0x000002b4145edef0 Thread added: 0x000002b4145eaf40
Event: 18.200 Thread 0x000002b4145edef0 Thread added: 0x000002b4145eca80
Event: 19.285 Thread 0x000002b4145eca80 Thread exited: 0x000002b4145eca80
Event: 19.285 Thread 0x000002b4145ec3b0 Thread exited: 0x000002b4145ec3b0
Event: 19.285 Thread 0x000002b4145eaf40 Thread exited: 0x000002b4145eaf40


Dynamic libraries:
0x00007ff7ae880000 - 0x00007ff7ae88e000 	c:\Users\nanit\.vscode\extensions\redhat.java-1.54.0-win32-x64\jre\21.0.10-win32-x86_64\bin\java.exe
0x00007ffe4aaa0000 - 0x00007ffe4ad07000 	C:\WINDOWS\SYSTEM32\ntdll.dll
0x00007ffe49cd0000 - 0x00007ffe49d99000 	C:\WINDOWS\System32\KERNEL32.DLL
0x00007ffe47620000 - 0x00007ffe47a17000 	C:\WINDOWS\System32\KERNELBASE.dll
0x00007ffe47e30000 - 0x00007ffe47f7b000 	C:\WINDOWS\System32\ucrtbase.dll
0x00007ffe2f5d0000 - 0x00007ffe2f5ee000 	c:\Users\nanit\.vscode\extensions\redhat.java-1.54.0-win32-x64\jre\21.0.10-win32-x86_64\bin\VCRUNTIME140.dll
0x00007ffe2f520000 - 0x00007ffe2f538000 	c:\Users\nanit\.vscode\extensions\redhat.java-1.54.0-win32-x64\jre\21.0.10-win32-x86_64\bin\jli.dll
0x00007ffe49670000 - 0x00007ffe49836000 	C:\WINDOWS\System32\USER32.dll
0x00007ffe47f80000 - 0x00007ffe47fa7000 	C:\WINDOWS\System32\win32u.dll
0x00007ffe4a390000 - 0x00007ffe4a3bb000 	C:\WINDOWS\System32\GDI32.dll
0x00007ffe47ad0000 - 0x00007ffe47bfc000 	C:\WINDOWS\System32\gdi32full.dll
0x00007ffe2aa10000 - 0x00007ffe2aca2000 	C:\WINDOWS\WinSxS\amd64_microsoft.windows.common-controls_6595b64144ccf1df_6.0.26100.8457_none_3e0b2faee331e92d\COMCTL32.dll
0x00007ffe47d80000 - 0x00007ffe47e23000 	C:\WINDOWS\System32\msvcp_win.dll
0x00007ffe4a280000 - 0x00007ffe4a329000 	C:\WINDOWS\System32\msvcrt.dll
0x00007ffe4a240000 - 0x00007ffe4a272000 	C:\WINDOWS\System32\IMM32.DLL
0x00007ffe34a20000 - 0x00007ffe34a2c000 	c:\Users\nanit\.vscode\extensions\redhat.java-1.54.0-win32-x64\jre\21.0.10-win32-x86_64\bin\vcruntime140_1.dll
0x00007ffe2bd30000 - 0x00007ffe2bdbd000 	c:\Users\nanit\.vscode\extensions\redhat.java-1.54.0-win32-x64\jre\21.0.10-win32-x86_64\bin\msvcp140.dll
0x00007ffd7a580000 - 0x00007ffd7b321000 	c:\Users\nanit\.vscode\extensions\redhat.java-1.54.0-win32-x64\jre\21.0.10-win32-x86_64\bin\server\jvm.dll
0x00007ffe4a9a0000 - 0x00007ffe4aa56000 	C:\WINDOWS\System32\ADVAPI32.dll
0x00007ffe49dc0000 - 0x00007ffe49e67000 	C:\WINDOWS\System32\sechost.dll
0x00007ffe49f30000 - 0x00007ffe4a048000 	C:\WINDOWS\System32\RPCRT4.dll
0x00007ffe4a550000 - 0x00007ffe4a5d0000 	C:\WINDOWS\System32\WS2_32.dll
0x00007ffe34940000 - 0x00007ffe3494b000 	C:\WINDOWS\SYSTEM32\VERSION.dll
0x00007ffe47330000 - 0x00007ffe4738e000 	C:\WINDOWS\SYSTEM32\POWRPROF.dll
0x00007ffe3c770000 - 0x00007ffe3c7a6000 	C:\WINDOWS\SYSTEM32\WINMM.dll
0x00007ffe47310000 - 0x00007ffe47324000 	C:\WINDOWS\SYSTEM32\UMPDC.dll
0x00007ffe46260000 - 0x00007ffe4627b000 	C:\WINDOWS\SYSTEM32\kernel.appcore.dll
0x00007ffe2f650000 - 0x00007ffe2f65a000 	c:\Users\nanit\.vscode\extensions\redhat.java-1.54.0-win32-x64\jre\21.0.10-win32-x86_64\bin\jimage.dll
0x00007ffe450e0000 - 0x00007ffe45322000 	C:\WINDOWS\SYSTEM32\DBGHELP.DLL
0x00007ffe4a610000 - 0x00007ffe4a993000 	C:\WINDOWS\System32\combase.dll
0x00007ffe4a160000 - 0x00007ffe4a239000 	C:\WINDOWS\System32\OLEAUT32.dll
0x00007ffe10540000 - 0x00007ffe1057b000 	C:\WINDOWS\SYSTEM32\dbgcore.DLL
0x00007ffe47a20000 - 0x00007ffe47ac8000 	C:\WINDOWS\System32\bcryptPrimitives.dll
0x00007ffe2f510000 - 0x00007ffe2f51f000 	c:\Users\nanit\.vscode\extensions\redhat.java-1.54.0-win32-x64\jre\21.0.10-win32-x86_64\bin\instrument.dll
0x00007ffe2f4c0000 - 0x00007ffe2f4e0000 	c:\Users\nanit\.vscode\extensions\redhat.java-1.54.0-win32-x64\jre\21.0.10-win32-x86_64\bin\java.dll
0x00007ffe48820000 - 0x00007ffe48f8e000 	C:\WINDOWS\System32\SHELL32.dll
0x00007ffe47fb0000 - 0x00007ffe4881c000 	C:\WINDOWS\System32\windows.storage.dll
0x00007ffe4a450000 - 0x00007ffe4a546000 	C:\WINDOWS\System32\SHCORE.dll
0x00007ffe4a0e0000 - 0x00007ffe4a146000 	C:\WINDOWS\System32\shlwapi.dll
0x00007ffe473f0000 - 0x00007ffe47419000 	C:\WINDOWS\SYSTEM32\profapi.dll
0x00007ffe2bf50000 - 0x00007ffe2bf68000 	c:\Users\nanit\.vscode\extensions\redhat.java-1.54.0-win32-x64\jre\21.0.10-win32-x86_64\bin\zip.dll
0x00007ffe2f580000 - 0x00007ffe2f590000 	C:\Users\nanit\.vscode\extensions\redhat.java-1.54.0-win32-x64\jre\21.0.10-win32-x86_64\bin\net.dll
0x00007ffe3c640000 - 0x00007ffe3c769000 	C:\WINDOWS\SYSTEM32\WINHTTP.dll
0x00007ffe467d0000 - 0x00007ffe4683c000 	C:\WINDOWS\system32\mswsock.dll
0x00007ffe2e2e0000 - 0x00007ffe2e2f6000 	C:\Users\nanit\.vscode\extensions\redhat.java-1.54.0-win32-x64\jre\21.0.10-win32-x86_64\bin\nio.dll
0x00007ffe2f220000 - 0x00007ffe2f230000 	c:\Users\nanit\.vscode\extensions\redhat.java-1.54.0-win32-x64\jre\21.0.10-win32-x86_64\bin\verify.dll
0x00007ffe0a300000 - 0x00007ffe0a345000 	C:\Users\nanit\AppData\Roaming\Code\User\globalStorage\redhat.java\1.54.0\config_win\org.eclipse.equinox.launcher\org.eclipse.equinox.launcher.win32.win32.x86_64_1.3.0.v20260203-2149\eclipse_11919.dll
0x00007ffe49950000 - 0x00007ffe49ae7000 	C:\WINDOWS\System32\ole32.dll

JVMTI agents:
c:\Users\nanit\.vscode\extensions\redhat.java-1.54.0-win32-x64\lombok\lombok-1.18.39-4050.jar path:c:\Users\nanit\.vscode\extensions\redhat.java-1.54.0-win32-x64\jre\21.0.10-win32-x86_64\bin\instrument.dll, loaded, initialized, instrumentlib options:none

dbghelp: loaded successfully - version: 4.0.5 - missing functions: none
symbol engine: initialized successfully - sym options: 0x614 - pdb path: .;c:\Users\nanit\.vscode\extensions\redhat.java-1.54.0-win32-x64\jre\21.0.10-win32-x86_64\bin;C:\WINDOWS\SYSTEM32;C:\WINDOWS\WinSxS\amd64_microsoft.windows.common-controls_6595b64144ccf1df_6.0.26100.8457_none_3e0b2faee331e92d;c:\Users\nanit\.vscode\extensions\redhat.java-1.54.0-win32-x64\jre\21.0.10-win32-x86_64\bin\server;C:\Users\nanit\AppData\Roaming\Code\User\globalStorage\redhat.java\1.54.0\config_win\org.eclipse.equinox.launcher\org.eclipse.equinox.launcher.win32.win32.x86_64_1.3.0.v20260203-2149

VM Arguments:
jvm_args: --add-modules=ALL-SYSTEM --add-opens=java.base/java.util=ALL-UNNAMED --add-opens=java.base/java.lang=ALL-UNNAMED --add-opens=java.base/sun.nio.fs=ALL-UNNAMED -Declipse.application=org.eclipse.jdt.ls.core.id1 -Dosgi.bundles.defaultStartLevel=4 -Declipse.product=org.eclipse.jdt.ls.core.product -Djava.import.generatesMetadataFilesAtProjectRoot=false -DDetectVMInstallationsJob.disabled=true -Dfile.encoding=utf8 -XX:+UseParallelGC -XX:GCTimeRatio=4 -XX:AdaptiveSizePolicyWeight=90 -Dsun.zip.disableMemoryMapping=true -Xmx2G -Xms100m -Xlog:disable -javaagent:c:\Users\nanit\.vscode\extensions\redhat.java-1.54.0-win32-x64\lombok\lombok-1.18.39-4050.jar -XX:+HeapDumpOnOutOfMemoryError -XX:HeapDumpPath=c:\Users\nanit\AppData\Roaming\Code\User\workspaceStorage\51025984607b662fc718a0c9fe0490ed\redhat.java -Daether.dependencyCollector.impl=bf 
java_command: c:\Users\nanit\.vscode\extensions\redhat.java-1.54.0-win32-x64\server\plugins\org.eclipse.equinox.launcher_1.7.100.v20251111-0406.jar -configuration c:\Users\nanit\AppData\Roaming\Code\User\globalStorage\redhat.java\1.54.0\config_win -data c:\Users\nanit\AppData\Roaming\Code\User\workspaceStorage\51025984607b662fc718a0c9fe0490ed\redhat.java\jdt_ws --pipe=\\.\pipe\lsp-9cb9ff76c28d0089b00559717fb5874c-sock
java_class_path (initial): c:\Users\nanit\.vscode\extensions\redhat.java-1.54.0-win32-x64\server\plugins\org.eclipse.equinox.launcher_1.7.100.v20251111-0406.jar
Launcher Type: SUN_STANDARD

[Global flags]
    uintx AdaptiveSizePolicyWeight                 = 90                                        {product} {command line}
     intx CICompilerCount                          = 12                                        {product} {ergonomic}
    uintx GCTimeRatio                              = 4                                         {product} {command line}
     bool HeapDumpOnOutOfMemoryError               = true                                   {manageable} {command line}
    ccstr HeapDumpPath                             = c:\Users\nanit\AppData\Roaming\Code\User\workspaceStorage\51025984607b662fc718a0c9fe0490ed\redhat.java         {manageable} {command line}
   size_t InitialHeapSize                          = 104857600                                 {product} {command line}
   size_t MaxHeapSize                              = 2147483648                                {product} {command line}
   size_t MaxNewSize                               = 715653120                                 {product} {ergonomic}
   size_t MinHeapDeltaBytes                        = 524288                                    {product} {ergonomic}
   size_t MinHeapSize                              = 104857600                                 {product} {command line}
   size_t NewSize                                  = 34603008                                  {product} {ergonomic}
    uintx NonNMethodCodeHeapSize                   = 7602480                                {pd product} {ergonomic}
    uintx NonProfiledCodeHeapSize                  = 122027880                              {pd product} {ergonomic}
   size_t OldSize                                  = 70254592                                  {product} {ergonomic}
    uintx ProfiledCodeHeapSize                     = 122027880                              {pd product} {ergonomic}
    uintx ReservedCodeCacheSize                    = 251658240                              {pd product} {ergonomic}
     bool SegmentedCodeCache                       = true                                      {product} {ergonomic}
   size_t SoftMaxHeapSize                          = 2147483648                             {manageable} {ergonomic}
     bool UseCompressedOops                        = true                           {product lp64_product} {ergonomic}
     bool UseLargePagesIndividualAllocation        = false                                  {pd product} {ergonomic}
     bool UseParallelGC                            = true                                      {product} {command line}

Logging:
Log output configuration:
 #0: stdout all=off uptime,level,tags foldmultilines=false
 #1: stderr all=off uptime,level,tags foldmultilines=false

Release file:
JAVA_VERSION="21.0.10" 
MODULES="java.base java.compiler java.datatransfer java.xml java.prefs java.desktop java.instrument java.logging java.management java.security.sasl java.naming java.rmi java.management.rmi java.net.http java.scripting java.security.jgss java.transaction.xa java.sql java.sql.rowset java.xml.crypto java.se java.smartcardio jdk.accessibility jdk.internal.jvmstat jdk.attach jdk.charsets jdk.internal.opt jdk.zipfs jdk.compiler jdk.crypto.ec jdk.crypto.cryptoki jdk.crypto.mscapi jdk.dynalink jdk.internal.ed jdk.editpad jdk.hotspot.agent jdk.httpserver jdk.internal.le jdk.internal.vm.ci jdk.internal.vm.compiler jdk.internal.vm.compiler.management jdk.jartool jdk.javadoc jdk.jcmd jdk.management jdk.management.agent jdk.jconsole jdk.jdeps jdk.jdwp.agent jdk.jdi jdk.jfr jdk.jshell jdk.jsobject jdk.jstatd jdk.localedata jdk.management.jfr jdk.naming.dns jdk.naming.rmi jdk.net jdk.nio.mapmode jdk.random jdk.sctp jdk.security.auth jdk.security.jgss jdk.unsupported jdk.unsupported.desktop jdk.xml.dom" 

Environment Variables:
PATH=C:\Program Files\Common Files\Oracle\Java\javapath;C:\Python314\Scripts\;C:\Python314\;C:\Windows\system32;C:\Windows;C:\Windows\System32\Wbem;C:\Windows\System32\WindowsPowerShell\v1.0\;C:\Windows\System32\OpenSSH\;C:\Program Files\dotnet\;C:\Program Files\NVIDIA Corporation\NVIDIA NvDLISR;C:\WINDOWS\system32;C:\WINDOWS;C:\WINDOWS\System32\Wbem;C:\WINDOWS\System32\WindowsPowerShell\v1.0\;C:\WINDOWS\System32\OpenSSH\;C:\Program Files\Git\cmd;C:\Program Files\Docker\Docker\resources\bin;C:\Program Files\Cloudflare\Cloudflare WARP\;C:\Program Files\nodejs\;C:\ProgramData\chocolatey\bin;C:\Gradle\gradle-8.13\bin;C:\circom;C:\ProgramData\chocolatey\lib\maven\apache-maven-3.9.14\bin;C:\Users\nanit\.cargo\bin;C:\Users\nanit\AppData\Local\Programs\Python\Python310\Scripts\;C:\Users\nanit\AppData\Local\Programs\Python\Python310\;C:\Users\nanit\AppData\Local\Microsoft\WindowsApps;C:\Users\nanit\AppData\Local\Programs\Microsoft VS Code\bin;C:\Users\nanit\AppData\Roaming\npm;C:\Users\nanit\develop\flutter\bin;C:\Users\nanit\AppData\Local\Programs\Antigravity\bin
USERNAME=nanit
OS=Windows_NT
PROCESSOR_IDENTIFIER=Intel64 Family 6 Model 154 Stepping 3, GenuineIntel
TMP=C:\Users\nanit\AppData\Local\Temp
TEMP=C:\Users\nanit\AppData\Local\Temp




Periodic native trim disabled

---------------  S Y S T E M  ---------------

OS:
 Windows 11 , 64 bit Build 26100 (10.0.26100.8328)
OS uptime: 4 days 8:38 hours
Hyper-V role detected

CPU: total 16 (initial active 16) (8 cores per cpu, 2 threads per core) family 6 model 154 stepping 3 microcode 0x43b, cx8, cmov, fxsr, ht, mmx, 3dnowpref, sse, sse2, sse3, ssse3, sse4.1, sse4.2, popcnt, lzcnt, tsc, tscinvbit, avx, avx2, aes, erms, clmul, bmi1, bmi2, adx, sha, fma, vzeroupper, clflush, clflushopt, clwb, hv, serialize, rdtscp, rdpid, fsrm, f16c, cet_ibt, cet_ss
Processor Information for the first 16 processors :
  Max Mhz: 2500, Current Mhz: 2500, Mhz Limit: 2500

Memory: 4k page, system-wide physical 16068M (871M free)
TotalPageFile size 64925M (AvailPageFile size 3M)
current process WorkingSet (physical memory assigned to process): 109M, peak: 109M
current process commit charge ("private bytes"): 267M, peak: 267M

vm_info: OpenJDK 64-Bit Server VM (21.0.10+7-LTS) for windows-amd64 JRE (21.0.10+7-LTS), built on 2026-01-20T00:00:00Z by "admin" with MS VC++ 17.12 (VS2022)

END.
